\BOOKMARK [1][-]{section.1}{\376\377\006\106\006\102\006\064\006\107\006\124\000\040\006\061\006\047\006\107\000\040\006\101\006\065\006\104\000\040\006\110\000\040\006\105\006\061\006\110\006\061\000\040\006\176\006\314\006\064\040\014\006\106\006\314\006\047\006\062\006\107\006\047}{}% 1
\BOOKMARK [2][-]{subsection.1.1}{\376\377\006\105\006\061\006\110\006\061\000\040\006\063\006\061\006\314\006\071\000\040\006\176\006\314\006\064\040\014\006\106\006\314\006\047\006\062\006\107\006\047}{section.1}% 2
\BOOKMARK [1][-]{section.2}{\376\377\006\064\006\106\006\047\006\056\006\052\000\040\006\055\006\061\006\251\006\052\000\040\000\050\006\050\006\056\006\064\000\040\006\361\000-\006\361\000\040\006\251\006\052\006\047\006\050\000\051}{}% 3
\BOOKMARK [2][-]{subsection.2.1}{\376\377\006\105\006\063\006\047\006\101\006\052\000\040\006\110\000\040\006\054\006\047\006\050\006\107\040\014\006\054\006\047\006\314\006\314}{section.2}% 4
\BOOKMARK [2][-]{subsection.2.2}{\376\377\006\052\006\106\006\057\006\314\000\040\006\105\006\052\006\110\006\063\006\067\000\040\006\110\000\040\006\063\006\061\006\071\006\052\000\040\006\105\006\052\006\110\006\063\006\067}{section.2}% 5
\BOOKMARK [2][-]{subsection.2.3}{\376\377\006\055\006\061\006\251\006\052\000\040\006\057\006\061\000\040\006\061\006\047\006\063\006\052\006\047\006\314\000\040\006\105\006\055\006\110\006\061\000\040\000x\000\040\006\110\000\040\006\102\006\061\006\047\006\061\006\057\006\047\006\057\000\040\006\071\006\104\006\047\006\105\006\052\040\014\006\107\006\047}{section.2}% 6
\BOOKMARK [2][-]{subsection.2.4}{\376\377\006\106\006\105\006\110\006\057\006\047\006\061\000\040\006\105\006\251\006\047\006\106\000-\006\062\006\105\006\047\006\106}{section.2}% 7
\BOOKMARK [2][-]{subsection.2.5}{\376\377\006\063\006\061\006\071\006\052\000\040\006\104\006\055\006\070\006\107\040\014\006\047\006\314\000\040\006\110\000\040\006\052\006\106\006\057\006\314\000\040\006\104\006\055\006\070\006\107\040\014\006\047\006\314}{section.2}% 8
\BOOKMARK [2][-]{subsection.2.6}{\376\377\006\105\006\053\006\047\006\104\000\040\006\055\006\104\040\014\006\064\006\057\006\107\006\124\000\040\006\054\006\047\006\105\006\071}{section.2}% 9
\BOOKMARK [1][-]{section.3}{\376\377\006\055\006\061\006\251\006\052\000\040\006\050\006\047\000\040\006\063\006\061\006\071\006\052\000\040\006\053\006\047\006\050\006\052\000\040\000\050\006\050\006\056\006\064\000\040\006\361\000-\006\362\000\040\006\251\006\052\006\047\006\050\000\051}{}% 10
\BOOKMARK [2][-]{subsection.3.1}{\376\377\006\057\006\314\006\057\006\047\006\061\000\040\006\057\006\110\000\040\006\105\006\052\006\055\006\061\006\251\000\040\006\050\006\047\000\040\006\063\006\061\006\071\006\052\000\040\006\053\006\047\006\050\006\052}{section.3}% 11
\BOOKMARK [1][-]{section.4}{\376\377\006\055\006\061\006\251\006\052\000\040\006\050\006\047\000\040\006\064\006\052\006\047\006\050\000\040\006\053\006\047\006\050\006\052\000\040\000\050\006\050\006\056\006\064\000\040\006\361\000-\006\363\000\040\006\251\006\052\006\047\006\050\000\051}{}% 12
\BOOKMARK [2][-]{subsection.4.1}{\376\377\006\064\006\052\006\047\006\050\000\040\006\105\006\052\006\110\006\063\006\067\000\040\006\110\000\040\006\064\006\052\006\047\006\050\000\040\006\104\006\055\006\070\006\107\040\014\006\047\006\314}{section.4}% 13
\BOOKMARK [2][-]{subsection.4.2}{\376\377\006\052\006\071\006\061\006\314\006\101\000\040\006\055\006\061\006\251\006\052\000\040\006\050\006\047\000\040\006\064\006\052\006\047\006\050\000\040\006\053\006\047\006\050\006\052}{section.4}% 14
\BOOKMARK [2][-]{subsection.4.3}{\376\377\006\206\006\107\006\047\006\061\000\040\006\105\006\071\006\047\006\057\006\104\006\107\006\124\000\040\006\067\006\104\006\047\006\314\006\314\000\040\006\055\006\061\006\251\006\052\000\040\006\050\006\047\000\040\006\064\006\052\006\047\006\050\000\040\006\053\006\047\006\050\006\052}{section.4}% 15
\BOOKMARK [2][-]{subsection.4.4}{\376\377\006\052\006\055\006\104\006\314\006\104\000\040\006\107\006\106\006\057\006\063\006\314\000\040\006\063\006\107\006\105\006\314\000\040\006\106\006\105\006\110\006\057\006\047\006\061\000\040\006\105\006\251\006\047\006\106\000-\006\062\006\105\006\047\006\106}{section.4}% 16
\BOOKMARK [2][-]{subsection.4.5}{\376\377\006\105\006\106\006\067\006\102\000\040\006\052\006\106\006\057\006\064\006\110\006\106\006\057\006\107\000\040\006\110\000\040\006\251\006\106\006\057\006\064\006\110\006\106\006\057\006\107\000\040\006\050\006\110\006\057\006\106\000\040\006\055\006\061\006\251\006\052}{section.4}% 17
\BOOKMARK [2][-]{subsection.4.6}{\376\377\006\105\006\063\006\047\006\055\006\052\000\040\006\062\006\314\006\061\000\040\006\106\006\105\006\110\006\057\006\047\006\061\000\040\006\063\006\061\006\071\006\052\000-\006\062\006\105\006\047\006\106}{section.4}% 18
\BOOKMARK [2][-]{subsection.4.7}{\376\377\006\106\006\105\006\110\006\057\006\047\006\061\000\040\006\064\006\052\006\047\006\050\000-\006\062\006\105\006\047\006\106\000\040\006\110\000\040\006\052\006\050\006\057\006\314\006\104\000\040\006\062\006\106\006\054\006\314\006\061\006\107\040\014\006\047\006\314\000\040\006\106\006\105\006\110\006\057\006\047\006\061\006\107\006\047}{section.4}% 19
\BOOKMARK [2][-]{subsection.4.8}{\376\377\006\054\006\047\006\050\006\107\040\014\006\054\006\047\006\314\006\314\000\040\006\057\006\061\000\040\006\053\006\047\006\106\006\314\006\107\040\014\006\107\006\047\006\314\000\040\006\105\006\052\006\110\006\047\006\104\006\314\000\040\006\110\000\040\006\047\006\104\006\257\006\110\006\314\000\040\006\047\006\071\006\057\006\047\006\057\000\040\006\101\006\061\006\057\000\040\006\257\006\047\006\104\006\314\006\104\006\107}{section.4}% 20
\BOOKMARK [2][-]{subsection.4.9}{\376\377\006\251\006\047\006\061\006\050\006\061\006\057\000\040\006\105\006\071\006\047\006\057\006\104\006\047\006\052\000\040\006\057\006\061\000\040\006\105\006\063\006\047\006\046\006\104\000\040\006\052\006\061\006\105\006\062\000\040\006\110\000\040\006\052\006\110\006\102\006\101}{section.4}% 21
\BOOKMARK [2][-]{subsection.4.10}{\376\377\006\101\006\047\006\065\006\104\006\107\006\124\000\040\006\052\006\110\006\102\006\101\000\040\006\251\006\047\006\105\006\104\000:\000\040\006\062\006\105\006\047\006\106\000\040\006\110\006\047\006\251\006\106\006\064\000\040\000+\000\040\006\056\006\067\000\040\006\052\006\061\006\105\006\062}{section.4}% 22
\BOOKMARK [2][-]{subsection.4.11}{\376\377\006\050\006\314\006\064\006\052\006\061\006\314\006\106\000\040\006\110\000\040\006\251\006\105\006\052\006\061\006\314\006\106\000\040\006\101\006\047\006\065\006\104\006\107\006\124\000\040\006\057\006\110\000\040\006\105\006\052\006\055\006\061\006\251\000\040\000\050\006\106\006\251\006\052\006\107\006\124\000\040\006\251\006\106\006\251\006\110\006\061\006\314\000\051}{section.4}% 23
\BOOKMARK [1][-]{section.5}{\376\377\006\063\006\102\006\110\006\067\000\040\006\042\006\062\006\047\006\057\000\040\000\050\006\050\006\056\006\064\000\040\006\361\000-\006\364\000\040\006\251\006\052\006\047\006\050\000\051}{}% 24
\BOOKMARK [2][-]{subsection.5.1}{\376\377\006\064\006\052\006\047\006\050\000\040\006\257\006\061\006\047\006\106\006\064\000\040\006\110\000\040\006\102\006\061\006\047\006\061\006\057\006\047\006\057\000\040\006\071\006\104\006\047\006\105\006\052\040\014\006\107\006\047}{section.5}% 25
\BOOKMARK [2][-]{subsection.5.2}{\376\377\006\176\006\061\006\052\006\047\006\050\000\040\006\102\006\047\006\046\006\105\000\040\006\061\006\110\000\040\006\050\006\107\000\040\006\050\006\047\006\104\006\047\000\040\000\050\006\110\006\314\006\230\006\107\006\124\000\040\006\042\006\105\006\047\006\057\006\257\006\314\000\040\006\251\006\106\006\251\006\110\006\061\000\051}{section.5}% 26
\BOOKMARK [1][-]{section.6}{\376\377\006\050\006\047\006\106\006\251\000\040\006\063\006\110\006\047\006\104\006\047\006\052\000\040\006\047\006\105\006\052\006\055\006\047\006\106\000\040\006\106\006\107\006\047\006\314\006\314\000\040\000\050\006\052\006\064\006\061\006\314\006\055\006\314\000\051}{}% 27
\BOOKMARK [2][-]{subsection.6.1}{\376\377\006\063\006\110\006\047\006\104\006\047\006\052\000\040\006\057\006\061\006\063\006\052\000/\006\106\006\047\006\057\006\061\006\063\006\052\000\040\000\050\006\176\006\061\006\052\006\251\006\061\006\047\006\061\000\040\006\057\006\061\000\040\006\047\006\105\006\052\006\055\006\047\006\106\000\040\006\106\006\107\006\047\006\314\006\314\000\051}{section.6}% 28
\BOOKMARK [2][-]{subsection.6.2}{\376\377\006\054\006\047\006\107\006\047\006\314\000\040\006\056\006\047\006\104\006\314\000\040\006\110\000\040\006\047\006\106\006\052\006\056\006\047\006\050\000\040\006\047\006\062\000\040\006\176\006\061\006\047\006\106\006\052\006\062}{section.6}% 29
\BOOKMARK [1][-]{section.7}{\376\377\006\050\006\047\006\106\006\251\000\040\006\052\006\063\006\052\040\014\006\107\006\047\006\314\000\040\006\206\006\107\006\047\006\061\006\257\006\062\006\314\006\106\006\107\040\014\006\047\006\314\000\040\006\251\006\106\006\251\006\110\006\061}{}% 30
\BOOKMARK [1][-]{section.8}{\376\377\006\054\006\105\006\071\040\014\006\050\006\106\006\057\006\314\000\040\006\106\006\107\006\047\006\314\006\314\000\040\006\101\006\065\006\104}{}% 31
